[themedox.com/demo/madexry/index.html]
[backblue.gif]
[fade.gif]
[index.html]
[themedox.com/demo/madexry/assets/img/favicon.png]
[themedox.com/demo/madexry/assets/css/bootstrap.min.css]
[themedox.com/demo/madexry/assets/css/animate.min.css]
[themedox.com/demo/madexry/assets/css/magnific-popup.css]
[themedox.com/demo/madexry/assets/css/fontawesome-all.min.css]
[themedox.com/demo/madexry/assets/css/flaticon.css]
[themedox.com/demo/madexry/assets/css/odometer.css]
[themedox.com/demo/madexry/assets/css/tg-cursor.css]
[themedox.com/demo/madexry/assets/css/splitting.css]
[themedox.com/demo/madexry/assets/css/slick.css]
[themedox.com/demo/madexry/assets/css/swiper-bundle.min.css]
[themedox.com/demo/madexry/assets/css/default.css]
[themedox.com/demo/madexry/assets/css/style.css]
[themedox.com/demo/madexry/assets/css/responsive.css]
[themedox.com/demo/madexry/assets/img/logo/w_logo.png]
[themedox.com/demo/madexry/assets/img/logo/logo.png]
[themedox.com/demo/madexry/index-2.html]
[themedox.com/demo/madexry/index-3.html]
[themedox.com/demo/madexry/index-4.html]
[themedox.com/demo/madexry/services.html]
[themedox.com/demo/madexry/services-details.html]
[themedox.com/demo/madexry/project.html]
[themedox.com/demo/madexry/project-2.html]
[themedox.com/demo/madexry/project-details.html]
[themedox.com/demo/madexry/about.html]
[themedox.com/demo/madexry/team.html]
[themedox.com/demo/madexry/team-details.html]
[themedox.com/demo/madexry/faq.html]
[themedox.com/demo/madexry/error.html]
[themedox.com/demo/madexry/blog.html]
[themedox.com/demo/madexry/blog-2.html]
[themedox.com/demo/madexry/blog-3.html]
[themedox.com/demo/madexry/blog-4.html]
[themedox.com/demo/madexry/blog-details.html]
[themedox.com/demo/madexry/contact.html]
[themedox.com/demo/madexry/assets/img/slider/h2_slider_bg01.jpg]
[themedox.com/demo/madexry/assets/img/slider/h2_slider_bg02.jpg]
[themedox.com/demo/madexry/assets/img/services/services_img01.jpg]
[themedox.com/demo/madexry/assets/img/services/services_img02.jpg]
[themedox.com/demo/madexry/assets/img/services/services_img03.jpg]
[themedox.com/demo/madexry/assets/img/services/services_img04.jpg]
[themedox.com/demo/madexry/assets/img/services/services_shape.png]
[themedox.com/demo/madexry/assets/img/images/consultation_img.jpg]
[themedox.com/demo/madexry/assets/img/images/about_img01.jpg]
[themedox.com/demo/madexry/assets/img/images/about_img02.jpg]
[themedox.com/demo/madexry/assets/img/bg/area_bg.jpg]
[themedox.com/demo/madexry/assets/img/project/h2_project_img01.jpg]
[themedox.com/demo/madexry/assets/img/project/h2_project_img02.jpg]
[themedox.com/demo/madexry/assets/img/project/h2_project_img03.jpg]
[themedox.com/demo/madexry/assets/img/images/faq_img.png]
[themedox.com/demo/madexry/assets/img/images/map_shape.png]
[themedox.com/demo/madexry/assets/img/images/testi_avatar01.png]
[themedox.com/demo/madexry/assets/img/images/testi_avatar02.png]
[themedox.com/demo/madexry/assets/img/bg/cta_bg.jpg]
[themedox.com/demo/madexry/assets/img/images/cta_img.png]
[themedox.com/demo/madexry/assets/img/blog/h2_blog_post01.jpg]
[themedox.com/demo/madexry/assets/img/blog/h2_blog_post02.jpg]
[themedox.com/demo/madexry/assets/img/blog/h2_blog_post03.jpg]
[themedox.com/demo/madexry/assets/img/brand/brand_img01.png]
[themedox.com/demo/madexry/assets/img/brand/brand_img02.png]
[themedox.com/demo/madexry/assets/img/brand/brand_img03.png]
[themedox.com/demo/madexry/assets/img/brand/brand_img04.png]
[themedox.com/demo/madexry/assets/img/brand/brand_img05.png]
[themedox.com/demo/madexry/assets/img/brand/brand_img06.png]
[themedox.com/demo/madexry/assets/img/brand/brand_img07.png]
[themedox.com/demo/madexry/assets/js/vendor/jquery-3.6.0.min.js]
[themedox.com/demo/madexry/assets/js/bootstrap.min.js]
[themedox.com/demo/madexry/assets/js/isotope.pkgd.min.js]
[themedox.com/demo/madexry/assets/js/imagesloaded.pkgd.min.js]
[themedox.com/demo/madexry/assets/js/jquery.magnific-popup.min.js]
[themedox.com/demo/madexry/assets/js/jquery.odometer.min.js]
[themedox.com/demo/madexry/assets/js/jquery.appear.js]
[themedox.com/demo/madexry/assets/js/swiper-bundle.min.js]
[themedox.com/demo/madexry/assets/js/slick.min.js]
[themedox.com/demo/madexry/assets/js/slick-animation.min.js]
[themedox.com/demo/madexry/assets/js/splitting.js]
[themedox.com/demo/madexry/assets/js/animation.js]
[themedox.com/demo/madexry/assets/js/ajax-form.js]
[themedox.com/demo/madexry/assets/js/tg-cursor.min.js]
[themedox.com/demo/madexry/assets/js/wow.min.js]
[themedox.com/demo/madexry/index.html]
[themedox.com/demo/madexry/assets/js/main.js]
[themedox.com/demo/madexry/assets/css/bootstrap.min.css]
[themedox.com/demo/madexry/assets/css/animate.min.css]
[themedox.com/demo/madexry/assets/css/magnific-popup.css]
[themedox.com/demo/madexry/assets/fonts/fa-brands-400.eot]
[themedox.com/demo/madexry/assets/fonts/fa-brands-400.woff2]
[themedox.com/demo/madexry/assets/fonts/fa-brands-400d41d.eot]
[themedox.com/demo/madexry/assets/fonts/fa-brands-400.woff]
[themedox.com/demo/madexry/assets/fonts/fa-brands-400.ttf]
[themedox.com/demo/madexry/assets/fonts/fa-brands-400.svg]
[themedox.com/demo/madexry/assets/fonts/fa-regular-400.eot]
[themedox.com/demo/madexry/assets/fonts/fa-regular-400d41d.eot]
[themedox.com/demo/madexry/assets/fonts/fa-regular-400.woff2]
[themedox.com/demo/madexry/assets/fonts/fa-regular-400.woff]
[themedox.com/demo/madexry/assets/fonts/fa-regular-400.ttf]
[themedox.com/demo/madexry/assets/fonts/fa-regular-400.svg]
[themedox.com/demo/madexry/assets/fonts/fa-solid-900.eot]
[themedox.com/demo/madexry/assets/fonts/fa-solid-900d41d.eot]
[themedox.com/demo/madexry/assets/fonts/fa-solid-900.woff2]
[themedox.com/demo/madexry/assets/fonts/fa-solid-900.woff]
[themedox.com/demo/madexry/assets/fonts/fa-solid-900.ttf]
[themedox.com/demo/madexry/assets/css/fontawesome-all.min.css]
[themedox.com/demo/madexry/assets/fonts/fa-solid-900.svg]
[themedox.com/demo/madexry/assets/fonts/flaticon.eot]
[themedox.com/demo/madexry/assets/fonts/flaticond41d.eot]
[themedox.com/demo/madexry/assets/fonts/flaticon.woff2]
[themedox.com/demo/madexry/assets/fonts/flaticon.woff]
[themedox.com/demo/madexry/assets/fonts/flaticon.ttf]
[themedox.com/demo/madexry/assets/css/flaticon.css]
[themedox.com/demo/madexry/assets/css/odometer.css]
[themedox.com/demo/madexry/assets/css/tg-cursor.css]
[themedox.com/demo/madexry/assets/css/splitting.css]
[themedox.com/demo/madexry/assets/css/slick.css]
[themedox.com/demo/madexry/assets/css/swiper-bundle.min.css]
[themedox.com/demo/madexry/assets/css/default.css]
[themedox.com/demo/madexry/assets/fonts/flaticon.svg]
[themedox.com/demo/madexry/assets/img/images/cross-out.png]
[themedox.com/demo/madexry/assets/css/style.css]
[themedox.com/demo/madexry/assets/css/responsive.css]
[themedox.com/demo/madexry/assets/img/slider/slider_bg01.jpg]
[themedox.com/demo/madexry/assets/img/slider/slider_bg02.jpg]
[themedox.com/demo/madexry/assets/img/slider/slider_bg03.jpg]
[themedox.com/demo/madexry/assets/img/project/project_img01.jpg]
[themedox.com/demo/madexry/assets/img/project/project_img02.jpg]
[themedox.com/demo/madexry/assets/img/project/project_img03.jpg]
[themedox.com/demo/madexry/assets/img/project/project_img04.jpg]
[themedox.com/demo/madexry/assets/img/images/choose_img.jpg]
[themedox.com/demo/madexry/assets/img/team/team_img01.jpg]
[themedox.com/demo/madexry/assets/img/team/team_img02.jpg]
[themedox.com/demo/madexry/assets/img/team/team_img03.jpg]
[themedox.com/demo/madexry/assets/img/blog/blog_post01.jpg]
[themedox.com/demo/madexry/assets/img/blog/blog_post02.jpg]
[themedox.com/demo/madexry/assets/img/blog/blog_post03.jpg]
[themedox.com/demo/madexry/index-2.html]
[themedox.com/demo/madexry/assets/img/banner/banner_bg.jpg]
[themedox.com/demo/madexry/assets/img/images/h3_about_img01.jpg]
[themedox.com/demo/madexry/assets/img/images/h3_about_img02.jpg]
[themedox.com/demo/madexry/assets/img/project/h3_project_img01.jpg]
[themedox.com/demo/madexry/assets/img/project/h3_project_img02.jpg]
[themedox.com/demo/madexry/assets/img/project/h3_project_img03.jpg]
[themedox.com/demo/madexry/assets/img/blog/h3_blog_post01.jpg]
[themedox.com/demo/madexry/assets/img/blog/h3_blog_post02.jpg]
[themedox.com/demo/madexry/index-3.html]
[themedox.com/demo/madexry/assets/img/images/sb_insta01.jpg]
[themedox.com/demo/madexry/assets/img/images/sb_insta02.jpg]
[themedox.com/demo/madexry/assets/img/images/sb_insta03.jpg]
[themedox.com/demo/madexry/assets/img/images/sb_insta04.jpg]
[themedox.com/demo/madexry/assets/img/images/sb_insta05.jpg]
[themedox.com/demo/madexry/assets/img/images/sb_insta06.jpg]
[themedox.com/demo/madexry/assets/img/slider/h3_slider_bg01.jpg]
[themedox.com/demo/madexry/assets/img/slider/h3_slider_bg02.jpg]
[themedox.com/demo/madexry/assets/img/slider/h3_slider_bg03.jpg]
[themedox.com/demo/madexry/assets/img/services/h4_services_img01.jpg]
[themedox.com/demo/madexry/assets/img/services/h4_services_img02.jpg]
[themedox.com/demo/madexry/assets/img/services/h4_services_img03.jpg]
[themedox.com/demo/madexry/assets/img/services/h4_services_img04.jpg]
[themedox.com/demo/madexry/assets/img/services/h4_services_img05.jpg]
[themedox.com/demo/madexry/assets/img/services/h4_services_img06.jpg]
[themedox.com/demo/madexry/assets/img/images/consultation_img02.jpg]
[themedox.com/demo/madexry/assets/img/project/h4_project_img01.jpg]
[themedox.com/demo/madexry/assets/img/project/h4_project_img02.jpg]
[themedox.com/demo/madexry/assets/img/project/h4_project_img03.jpg]
[themedox.com/demo/madexry/assets/img/project/h4_project_img05.jpg]
[themedox.com/demo/madexry/assets/img/project/h4_project_img04.jpg]
[themedox.com/demo/madexry/assets/img/project/h4_project_img06.jpg]
[themedox.com/demo/madexry/index-4.html]
[themedox.com/demo/madexry/assets/img/bg/breadcrumb_bg.jpg]
[themedox.com/demo/madexry/services.html]
[themedox.com/demo/madexry/assets/img/services/services_details_img.jpg]
[themedox.com/demo/madexry/assets/img/services/services_details_img02.jpg]
[themedox.com/demo/madexry/assets/img/services/services_details_img03.jpg]
[themedox.com/demo/madexry/assets/img/services/services_contact_bg.jpg]
[themedox.com/demo/madexry/services-details.html]
[themedox.com/demo/madexry/assets/img/project/h2_project_img04.jpg]
[themedox.com/demo/madexry/assets/img/project/h2_project_img05.jpg]
[themedox.com/demo/madexry/assets/img/project/h2_project_img06.jpg]
[themedox.com/demo/madexry/assets/img/project/h2_project_img07.jpg]
[themedox.com/demo/madexry/assets/img/project/h2_project_img08.jpg]
[themedox.com/demo/madexry/assets/img/project/h2_project_img09.jpg]
[themedox.com/demo/madexry/project.html]
[themedox.com/demo/madexry/assets/img/project/h3_project_img04.jpg]
[themedox.com/demo/madexry/assets/img/project/h3_project_img05.jpg]
[themedox.com/demo/madexry/assets/img/project/h3_project_img06.jpg]
[themedox.com/demo/madexry/assets/img/project/h3_project_img07.jpg]
[themedox.com/demo/madexry/assets/img/project/h3_project_img08.jpg]
[themedox.com/demo/madexry/assets/img/project/h3_project_img09.jpg]
[themedox.com/demo/madexry/project-2.html]
[themedox.com/demo/madexry/assets/img/project/project_details_img.jpg]
[themedox.com/demo/madexry/project-details.html]
[themedox.com/demo/madexry/about.html]
[themedox.com/demo/madexry/assets/img/team/team_img04.jpg]
[themedox.com/demo/madexry/assets/img/team/team_img05.jpg]
[themedox.com/demo/madexry/assets/img/team/team_img06.jpg]
[themedox.com/demo/madexry/assets/img/team/team_img07.jpg]
[themedox.com/demo/madexry/assets/img/team/team_img08.jpg]
[themedox.com/demo/madexry/assets/img/team/team_img09.jpg]
[themedox.com/demo/madexry/team.html]
[themedox.com/demo/madexry/assets/img/team/team_details_img.jpg]
[themedox.com/demo/madexry/team-details.html]
[themedox.com/demo/madexry/assets/img/images/faq_img.jpg]
[themedox.com/demo/madexry/faq.html]
[themedox.com/demo/madexry/assets/img/images/error_img.png]
[themedox.com/demo/madexry/error.html]
[themedox.com/demo/madexry/assets/img/blog/h2_blog_post04.jpg]
[themedox.com/demo/madexry/assets/img/blog/h2_blog_post05.jpg]
[themedox.com/demo/madexry/assets/img/blog/h2_blog_post06.jpg]
[themedox.com/demo/madexry/assets/img/blog/h2_blog_post07.jpg]
[themedox.com/demo/madexry/assets/img/blog/h2_blog_post08.jpg]
[themedox.com/demo/madexry/assets/img/blog/h2_blog_post09.jpg]
[themedox.com/demo/madexry/assets/img/blog/h2_blog_post10.jpg]
[themedox.com/demo/madexry/assets/img/blog/h2_blog_post11.jpg]
[themedox.com/demo/madexry/assets/img/blog/h2_blog_post12.jpg]
[themedox.com/demo/madexry/blog.html]
[themedox.com/demo/madexry/assets/img/blog/blog_post04.jpg]
[themedox.com/demo/madexry/assets/img/blog/blog_post05.jpg]
[themedox.com/demo/madexry/assets/img/blog/blog_post06.jpg]
[themedox.com/demo/madexry/assets/img/blog/blog_post07.jpg]
[themedox.com/demo/madexry/assets/img/blog/blog_post08.jpg]
[themedox.com/demo/madexry/assets/img/blog/blog_post09.jpg]
[themedox.com/demo/madexry/blog-2.html]
[themedox.com/demo/madexry/assets/img/blog/h3_blog_post03.jpg]
[themedox.com/demo/madexry/assets/img/blog/h3_blog_post04.jpg]
[themedox.com/demo/madexry/assets/img/blog/h3_blog_post05.jpg]
[themedox.com/demo/madexry/assets/img/blog/h3_blog_post06.jpg]
[themedox.com/demo/madexry/assets/img/blog/h3_blog_post07.jpg]
[themedox.com/demo/madexry/assets/img/blog/h3_blog_post08.jpg]
[themedox.com/demo/madexry/blog-3.html]
[themedox.com/demo/madexry/assets/img/blog/blog_img01.jpg]
[themedox.com/demo/madexry/assets/img/blog/blog_img02.jpg]
[themedox.com/demo/madexry/assets/img/blog/blog_img03.jpg]
[themedox.com/demo/madexry/assets/img/blog/blog_img04.jpg]
[themedox.com/demo/madexry/assets/img/blog/rc_post01.jpg]
[themedox.com/demo/madexry/assets/img/blog/rc_post02.jpg]
[themedox.com/demo/madexry/blog-4.html]
[themedox.com/demo/madexry/assets/img/blog/rc_post03.jpg]
[themedox.com/demo/madexry/assets/img/blog/blog_details_img01.jpg]
[themedox.com/demo/madexry/assets/img/blog/blog_details_img02.jpg]
[themedox.com/demo/madexry/assets/img/blog/blog_details_img03.jpg]
[themedox.com/demo/madexry/assets/img/blog/comment_avatar01.png]
[themedox.com/demo/madexry/assets/img/blog/comment_avatar02.png]
[themedox.com/demo/madexry/assets/img/blog/comment_avatar03.png]
[themedox.com/demo/madexry/blog-details.html]
[themedox.com/demo/madexry/contact.html]
[themedox.com/demo/madexry/assets/js/vendor/jquery-3.6.0.min.js]
[themedox.com/demo/madexry/assets/js/bootstrap.min.js]
[themedox.com/demo/madexry/assets/js/isotope.pkgd.min.js]
[themedox.com/demo/madexry/assets/js/imagesloaded.pkgd.min.js]
[themedox.com/demo/madexry/assets/js/jquery.magnific-popup.min.js]
[themedox.com/demo/madexry/assets/js/jquery.odometer.min.js]
[themedox.com/demo/madexry/assets/js/jquery.appear.js]
[themedox.com/demo/madexry/assets/js/swiper-bundle.min.js]
[themedox.com/demo/madexry/assets/js/slick.min.js]
[themedox.com/demo/madexry/assets/js/slick-animation.min.js]
[themedox.com/demo/madexry/assets/js/splitting.js]
[themedox.com/demo/madexry/assets/js/animation.js]
[themedox.com/demo/madexry/assets/js/ajax-form.js]
[themedox.com/demo/madexry/src/js/index.js]
[themedox.com/demo/madexry/node_modules/gsap/gsap-core.js]
[themedox.com/demo/madexry/node_modules/jquery/dist/jquery.js]
[themedox.com/demo/madexry/node_modules/gsap/index.js]
[themedox.com/demo/madexry/src/js/cursor.js]
[themedox.com/demo/madexry/src/js/magnetic.js]
[themedox.com/demo/madexry/assets/js/tg-cursor.min.js]
[themedox.com/demo/madexry/assets/js/wow.min.js]
[themedox.com/demo/madexry/assets/js/main.js]
[themedox.com/demo/madexry/assets/fonts/fa-brands-400.svg]
[themedox.com/demo/madexry/assets/fonts/fa-regular-400.svg]
[themedox.com/demo/madexry/assets/fonts/fa-solid-900.svg]
[themedox.com/demo/madexry/assets/fonts/flaticon.svg]
[themedox.com/demo/madexry/src/js/index.html]
[themedox.com/demo/madexry/node_modules/gsap/gsap-core.html]
[themedox.com/demo/madexry/node_modules/jquery/dist/jquery.html]
[themedox.com/demo/madexry/node_modules/gsap/index.html]
[themedox.com/demo/madexry/src/js/cursor.html]
[themedox.com/demo/madexry/src/js/magnetic.html]
